[0m21:13:48.821949 [debug] [MainThread]: Sending event: {'category': 'dbt', 'action': 'invocation', 'label': 'start', 'context': [<snowplow_tracker.self_describing_json.SelfDescribingJson object at 0x7903315ac610>, <snowplow_tracker.self_describing_json.SelfDescribingJson object at 0x79032e8b1090>, <snowplow_tracker.self_describing_json.SelfDescribingJson object at 0x79032e8b1210>]}


============================== 21:13:48.827470 | 87eba5e3-e31b-4cfa-8b54-bd54062c911b ==============================
[0m21:13:48.827470 [info ] [MainThread]: Running with dbt=1.10.9
[0m21:13:48.828175 [debug] [MainThread]: running dbt with arguments {'write_json': 'True', 'static_parser': 'True', 'partial_parse': 'True', 'target_path': 'None', 'cache_selected_only': 'False', 'log_cache_events': 'False', 'profiles_dir': '/home/karpoh/.dbt', 'indirect_selection': 'eager', 'invocation_command': 'dbt init austin_bikeshare_demo', 'use_colors': 'True', 'log_format': 'default', 'debug': 'False', 'fail_fast': 'False', 'quiet': 'False', 'no_print': 'None', 'use_experimental_parser': 'False', 'send_anonymous_usage_stats': 'True', 'version_check': 'True', 'warn_error_options': 'WarnErrorOptionsV2(error=[], warn=[], silence=[])', 'introspect': 'True', 'printer_width': '80', 'log_path': 'logs', 'warn_error': 'None', 'empty': 'None'}
[0m21:13:48.857289 [info ] [MainThread]: Creating dbt configuration folder at /home/karpoh/.dbt
[0m21:13:48.861783 [debug] [MainThread]: Starter project path: /home/karpoh/miniconda3/envs/elt/lib/python3.11/site-packages/dbt/include/starter_project
[0m21:13:48.878788 [info ] [MainThread]: 
Your new dbt project "austin_bikeshare_demo" was created!

For more information on how to configure the profiles.yml file,
please consult the dbt documentation here:

  https://docs.getdbt.com/docs/configure-your-profile

One more thing:

Need help? Don't hesitate to reach out to us via GitHub issues or on Slack:

  https://community.getdbt.com/

Happy modeling!

[0m21:13:48.879362 [info ] [MainThread]: Setting up your profile.
[0m21:19:39.333988 [info ] [MainThread]: Profile austin_bikeshare_demo written to /home/karpoh/.dbt/profiles.yml using target's profile_template.yml and your supplied values. Run 'dbt debug' to validate the connection.
[0m21:19:39.337426 [debug] [MainThread]: Resource report: {"command_name": "init", "command_success": true, "command_wall_clock_time": 350.59088, "process_in_blocks": "447160", "process_kernel_time": 9.371956, "process_mem_max_rss": "368584", "process_out_blocks": "80", "process_user_time": 8.051398}
[0m21:19:39.338994 [debug] [MainThread]: Command `dbt init` succeeded at 21:19:39.338812 after 350.59 seconds
[0m21:19:39.339724 [debug] [MainThread]: Sending event: {'category': 'dbt', 'action': 'invocation', 'label': 'end', 'context': [<snowplow_tracker.self_describing_json.SelfDescribingJson object at 0x79032e8b31d0>, <snowplow_tracker.self_describing_json.SelfDescribingJson object at 0x790332f08290>, <snowplow_tracker.self_describing_json.SelfDescribingJson object at 0x7903330bfc50>]}
[0m21:19:39.340565 [debug] [MainThread]: Flushing usage events
[0m21:19:40.877799 [debug] [MainThread]: An error was encountered while trying to flush usage events
